4a5
> com_google_j2objc_j2objc_annotations_1_1
9a11
> org_codehaus_mojo_animal_sniffer_annotations_1_17
